WARNING: mips_cpu_ram.v:24: $readmemh: Standard inconsistency, following 1364-2005.
WARNING: mips_cpu_ram.v:24: $readmemh(../test/1-hex/test_mips_cpu_bus_ori_2.hex.txt): Too many words in the file for the requested range [0:65535].
VCD info: dumpfile mips_cpu_bus_tb.vcd opened for output.
FINAL OUT: babaffff
