WARNING: mips_cpu_ram.v:24: $readmemh: Standard inconsistency, following 1364-2005.
ERROR: mips_cpu_ram.v:24: $readmemh: Unable to open ../test/1-hex/test_mips_cpu_bus_srl_0.hex.txt for reading.
VCD info: dumpfile mips_cpu_bus_tb.vcd opened for output.
FATAL: ../test/test_mips_cpu_bus_generic.v:47: srl_0 srl Fail Simulation did not finish within       10000 cycles.
       Time: 20000000 Scope: mips_cpu_bus_tb
