WARNING: mips_cpu_ram.v:24: $readmemh: Standard inconsistency, following 1364-2005.
WARNING: mips_cpu_ram.v:24: $readmemh(../test/1-hex/test_mips_cpu_bus_jalr_1.hex.txt): Too many words in the file for the requested range [0:65535].
VCD info: dumpfile mips_cpu_bus_tb.vcd opened for output.
FATAL: ../test/test_mips_cpu_bus_generic.v:47: jalr_1 jalr Fail Simulation did not finish within       10000 cycles.
       Time: 20000000 Scope: mips_cpu_bus_tb
