WARNING: mips_cpu_ram.v:24: $readmemh: Standard inconsistency, following 1364-2005.
VCD info: dumpfile mips_cpu_bus_tb.vcd opened for output.
FINAL OUT: a2000000
